duplicate (group,case,rep,arm): []

== non-citation (present outputs) ==
pilot.A.en: 7/24 (null 0), exDeg 4, inflected 7/24, sense/fmt problems 1/24
pilot.A.ru: 9/24 (null 0), exDeg 6, inflected 9/24, sense/fmt problems 3/24
pilot.W1.en: 2/24 (null 0), exDeg 1, inflected 2/24, sense/fmt problems 1/24
pilot.W1.ru: 2/24 (null 0), exDeg 1, inflected 2/24, sense/fmt problems 1/24
pilot.W2.en: 1/24 (null 0), exDeg 0, inflected 1/24, sense/fmt problems 0/24
pilot.W2.ru: 2/24 (null 0), exDeg 1, inflected 2/24, sense/fmt problems 2/24
e5.A.en: 34/144 (null 0), exDeg 34, inflected 31/93, sense/fmt problems 3/144
e5.A.ru: 37/144 (null 0), exDeg 37, inflected 28/93, sense/fmt problems 5/144
e5.W1.en: 0/142 (null 2), exDeg 0, inflected 0/91, sense/fmt problems 2/144
e5.W1.ru: 0/143 (null 1), exDeg 0, inflected 0/92, sense/fmt problems 10/144
heldout.A.en: 65/143 (null 1), exDeg 59, inflected 65/143, sense/fmt problems 8/144
heldout.A.ru: 58/143 (null 1), exDeg 52, inflected 58/143, sense/fmt problems 11/144
heldout.W1.en: 8/144 (null 0), exDeg 4, inflected 8/144, sense/fmt problems 5/144
heldout.W1.ru: 4/144 (null 0), exDeg 2, inflected 4/144, sense/fmt problems 6/144

== E5 inflected cases ==
E5 cases 48 inflected 31

== paired transitions ==
pilot W1 {'fixed': 12, 'bothOk': 32, 'bothBad': 4}
pilot W2 {'fixed': 13, 'bothOk': 32, 'bothBad': 3}
e5 W1 {'bothOk': 217, 'fixed': 71}
heldout W1 {'fixed': 113, 'bothOk': 163, 'bothBad': 10, 'broken': 2, 'broken:grammar-de-idiom-bett-literal-figurative:ru:больничный режим': 1, 'broken:grammar-de-idiom-bett-literal-figurative:ru:постель': 1}

== case-level fail in any rep ==
e5 A en 12
e5 A ru 16
e5 W1 en 0
e5 W1 ru 0
heldout A en 35
heldout A ru 35
heldout W1 en 5
heldout W1 ru 2

== sense/format problems (any non-ok sense or fmt), per group/arm ==
e5 A 8 / 288 Counter({'bleed': 8}) Counter()
e5 W1 12 / 288 Counter({'bleed': 6, 'shift': 2}) Counter({'null': 3, 'broken': 1})
heldout A 19 / 288 Counter({'partial': 7, 'wrong': 4}) Counter({'long': 3, 'gloss': 2, 'null': 2, 'broken': 1})
heldout W1 11 / 288 Counter({'wrong': 5, 'shift': 1, 'partial': 1}) Counter({'gloss': 2, 'long': 2})

== case-language pairs with problems only in one arm ==
e5 pairs 96 onlyA 2 onlyW1 5 both 1
heldout pairs 144 onlyA 10 onlyW1 2 both 4

== noise: text change / citation-label flip across reps, same arm ==
e5 A pairs 288 textChanged 33 citeFlip 16
e5 W1 pairs 288 textChanged 16 citeFlip 0
e5 A vs W1 same rep 288 88
heldout A pairs 144 textChanged 36 citeFlip 17
heldout W1 pairs 144 textChanged 19 citeFlip 2
heldout A vs W1 same rep 288 167

== latency ==
e5 W1-A translations: n=288 p50 1214->1062 diff -152 CI(-207, -108) p90 1821->1558 diff -264 CI(-480, -159) faster 0.698
e5 W1-A translations.en: n=144 p50 1268->1052 diff -217 CI(-278, -158) p90 1791->1519 diff -272 CI(-490, -84) faster 0.750
e5 W1-A translations.ru: n=144 p50 1156->1081 diff -75 CI(-159, -6) p90 1895->1580 diff -315 CI(-629, -113) faster 0.646
e5 W1-A definition: n=144 p50 1243->1255 diff 12 CI(-48, 72) p90 1687->1828 diff 141 CI(-255, 536) faster 0.507
e5 W1-A transcription: n=144 p50 1100->1073 diff -27 CI(-104, 40) p90 1789->1492 diff -297 CI(-419, -96) faster 0.535
e5 providerMs translation p50 A 968 W1 801
e5 draft-set wall n=144 p50 1662->1453 (-209) CI(-305, -81) p90 2514->2134 (-380) CI(-612, 43)
  rep0 n=48 p50diff -150 faster 0.583
  rep1 n=48 p50diff -174 faster 0.583
  rep2 n=48 p50diff -321 faster 0.771
  slowest leaf {('W1', 'translations.ru'): 32, ('A', 'transcription'): 28, ('W1', 'transcription'): 31, ('A', 'translations.en'): 47, ('W1', 'definition'): 60, ('W1', 'translations.en'): 21, ('A', 'definition'): 31, ('A', 'translations.ru'): 38}
  calls>4s {'A': 3, 'W1': 4}
heldout W1-A translations: n=288 p50 1234->1059 diff -175 CI(-229, -112) p90 1910->1605 diff -305 CI(-513, -102) faster 0.667
heldout W1-A translations.en: n=144 p50 1279->1010 diff -269 CI(-352, -201) p90 1891->1605 diff -286 CI(-603, 15) faster 0.757
heldout W1-A translations.ru: n=144 p50 1161->1095 diff -66 CI(-167, 16) p90 1928->1592 diff -336 CI(-586, 37) faster 0.576
heldout providerMs translation p50 A 976 W1 803
pilot W1-A translations: n=48 p50 1256->1089 diff -167 CI(-292, -27) p90 1895->2107 diff 212 CI(-501, 995) faster 0.646
pilot W1-A translations.en: n=24 p50 1285->1089 diff -196 CI(-370, -109) p90 1880->2107 diff 228 CI(-605, 1042) faster 0.792
pilot W1-A translations.ru: n=24 p50 1102->1088 diff -15 CI(-320, 139) p90 1895->2057 diff 162 CI(-1047, 1111) faster 0.500
pilot providerMs translation p50 A 969 W1 783
pilot W2-A translations: n=48 p50 1256->1161 diff -95 CI(-226, 70) p90 1895->1781 diff -114 CI(-559, 426) faster 0.625
pilot W2-A translations.en: n=24 p50 1285->1113 diff -172 CI(-294, 70) p90 1880->1781 diff -99 CI(-484, 1393) faster 0.625
pilot W2-A translations.ru: n=24 p50 1102->1166 diff 64 CI(-262, 200) p90 1895->1411 diff -484 CI(-1196, 953) faster 0.625
pilot providerMs translation p50 A 969 W2 899

== order effect (translation call ms, e5/heldout), by position of W1 ==
e5 en W1 position 0 n 72 p50 W1-A -123
e5 en W1 position 1 n 72 p50 W1-A -322
e5 ru W1 position 0 n 72 p50 W1-A -27
e5 ru W1 position 1 n 72 p50 W1-A -139
e5 W1 position counts Counter({0: 72, 1: 72})
heldout en W1 position 0 n 72 p50 W1-A -258
heldout en W1 position 1 n 72 p50 W1-A -280
heldout ru W1 position 0 n 72 p50 W1-A -44
heldout ru W1 position 1 n 72 p50 W1-A -82
heldout W1 position counts Counter({0: 72, 1: 72})

== tokens/cost ==
e5 A tr calls 288 in 271.2 out 16.07 cost 0.0001471 def in 253.2 set cost 0.0005644 set in 936.1 set out 79.1 invalid 0 cached 0
e5 W1 tr calls 288 in 299.2 out 16.05 cost 0.0001582 def in 253.2 set cost 0.0005863 set in 992.1 set out 79.0 invalid 3 cached 0
heldout A tr calls 288 in 277.8 out 16.78 cost 0.0001514 def in - set cost 0.0003028 set in 555.7 set out 33.6 invalid 2 cached 0
heldout W1 tr calls 288 in 305.8 out 16.61 cost 0.0001622 def in - set cost 0.0003244 set in 611.7 set out 33.2 invalid 0 cached 0
pilot A tr calls 48 in 277.3 out 16.75 cost 0.0001511 def in - set cost 0.0003023 set in 554.7 set out 33.5 invalid 0 cached 0
pilot W1 tr calls 48 in 305.3 out 16.75 cost 0.0001623 def in - set cost 0.0003247 set in 610.7 set out 33.5 invalid 0 cached 0
pilot W2 tr calls 48 in 348.3 out 16.75 cost 0.0001795 def in - set cost 0.0003591 set in 696.7 set out 33.5 invalid 0 cached 0

== invalid calls ==
e5 genitiv#8 0 W1 translations.en Success Invalid {"text": {"text": "be"}}
e5 genitiv#8 1 W1 translations.ru Success Invalid {"text": {"text": "быть"}}
e5 genitiv#8 2 W1 translations.en Success Invalid {"text": {"text": "be"}}
heldout grammar-de-verb-resultative-bekommt-geoeffnet 1 A translations.en Success Invalid {"text": {"text": "gets"}}
heldout grammar-de-noun-demo-owned-aufstieg 1 A translations.ru Success Invalid {"text": {"text": "подъём"}}
